// Jest Snapshot v1, https://goo.gl/fbAQLP

exports[`Text component Render component 1`] = `
<Text
  style={
    [
      {
        "fontFamily": "Cochin",
      },
      undefined,
    ]
  }
>
  Demo Text
</Text>
`;
